// Jest Snapshot v1, https://goo.gl/fbAQLP

exports[`[[33mHeader[39m]: component test suite Should match snapshot 1`] = `
<Wrapper
  bg="test-file-stub"
>
  <Container>
    <Button
      hidden={false}
      href="https://www.themoviedb.org/?language=en-US"
      index={0}
      styling={
        Array [
          "margin-left:0.8em;svg{height:3rem;max-height:48px;max-width:48px;width:3rem;}",
        ]
      }
      target="_blank"
      variant="primary"
    >
      <ForwardRef
        fill="currentColor"
      />
    </Button>
    <div
      id="child-mock-id"
    >
      child-mock-id
    </div>
  </Container>
  <Separator />
</Wrapper>
`;
