// Jest Snapshot v1, https://goo.gl/fbAQLP

exports[`[[33mTopBar[39m]: component test suite Should match snapshot 1`] = `
<Container>
  <Block>
    <Button
      hidden={false}
      href="/"
      index={0}
      styling={
        Array [
          "color:",
          "#ea4949",
          ";margin:0.3em 0.3em 0.3em 0.8em;",
          "&:focus{outline:",
          "0.154rem",
          " ",
          "solid",
          " ",
          "#ea4949",
          ";}",
          ";&:hover{color:",
          "#ed6464",
          ";}",
        ]
      }
      target="_self"
    >
      <ForwardRef
        fill="currentColor"
      />
    </Button>
    <Button
      hidden={false}
      href="/"
      index={0}
      styling={
        Array [
          "color:",
          "#ea4949",
          ";margin:0.3em 0.3em 0.3em 0.8em;",
          "&:focus{outline:",
          "0.154rem",
          " ",
          "solid",
          " ",
          "#ea4949",
          ";}",
          ";&:hover{color:",
          "#ed6464",
          ";}",
        ]
      }
      target="_self"
    >
      <ForwardRef
        fill="currentColor"
      />
    </Button>
    <Button
      hidden={false}
      href="/"
      index={0}
      styling={
        Array [
          "color:",
          "#ea4949",
          ";margin:0.3em 0.3em 0.3em 0.8em;",
          "&:focus{outline:",
          "0.154rem",
          " ",
          "solid",
          " ",
          "#ea4949",
          ";}",
          ";&:hover{color:",
          "#ed6464",
          ";}",
        ]
      }
      target="_self"
    >
      <ForwardRef
        fill="currentColor"
      />
    </Button>
  </Block>
  <Block>
    <div
      id="child-mock-id"
    >
      child-mock-id
    </div>
  </Block>
</Container>
`;
